// Jest Snapshot v1, https://goo.gl/fbAQLP

exports[`preflight 1`] = `
{
  "*": {
    "borderColor": "#e5e7eb",
    "borderStyle": "solid",
    "borderWidth": "0",
    "boxSizing": "border-box",
  },
  ":-moz-focusring": {
    "outline": "auto",
  },
  ":-moz-ui-invalid": {
    "boxShadow": "none",
  },
  "::-webkit-file-upload-button": {
    "WebkitAppearance": "button",
    "font": "inherit",
  },
  "::-webkit-inner-spin-button,::-webkit-outer-spin-button": {
    "height": "auto",
  },
  "::-webkit-search-decoration": {
    "WebkitAppearance": "none",
  },
  "::after": {
    "--tw-content": "''",
    "borderColor": "#e5e7eb",
    "borderStyle": "solid",
    "borderWidth": "0",
    "boxSizing": "border-box",
  },
  "::before": {
    "--tw-content": "''",
    "borderColor": "#e5e7eb",
    "borderStyle": "solid",
    "borderWidth": "0",
    "boxSizing": "border-box",
  },
  ":disabled": {
    "cursor": "default",
  },
  "[hidden]": {
    "display": "none",
  },
  "[type='search']": {
    "WebkitAppearance": "textfield",
    "outlineOffset": "-2px",
  },
  "a": {
    "color": "inherit",
    "textDecoration": "inherit",
  },
  "abbr:where([title])": {
    "textDecoration": "underline dotted",
  },
  "b,strong": {
    "fontWeight": "bolder",
  },
  "blockquote,dl,dd,h1,h2,h3,h4,h5,h6,hr,figure,p,pre": {
    "margin": "0",
  },
  "body": {
    "lineHeight": "inherit",
    "margin": "0",
  },
  "button,[role="button"]": {
    "cursor": "pointer",
  },
  "button,input,optgroup,select,textarea": {
    "color": "inherit",
    "fontFamily": "inherit",
    "fontFeatureSettings": "inherit",
    "fontSize": "100%",
    "fontVariationSettings": "inherit",
    "fontWeight": "inherit",
    "letterSpacing": "inherit",
    "lineHeight": "inherit",
    "margin": "0",
    "padding": "0",
  },
  "button,input:where([type='button']),input:where([type='reset']),input:where([type='submit'])": {
    "WebkitAppearance": "button",
    "backgroundColor": "transparent",
    "backgroundImage": "none",
  },
  "button,select": {
    "textTransform": "none",
  },
  "code,kbd,samp,pre": {
    "fontFamily": "ui-monospace, SFMono-Regular, Menlo, Monaco, Consolas, "Liberation Mono", "Courier New", monospace",
    "fontFeatureSettings": "normal",
    "fontSize": "1em",
    "fontVariationSettings": "normal",
  },
  "dialog": {
    "padding": "0",
  },
  "fieldset": {
    "margin": "0",
    "padding": "0",
  },
  "h1,h2,h3,h4,h5,h6": {
    "fontSize": "inherit",
    "fontWeight": "inherit",
  },
  "hr": {
    "borderTopWidth": "1px",
    "color": "inherit",
    "height": "0",
  },
  "html,:host": {
    "MozTabSize": "4",
    "WebkitTapHighlightColor": "transparent",
    "WebkitTextSizeAdjust": "100%",
    "fontFamily": "ui-sans-serif, system-ui, sans-serif, "Apple Color Emoji", "Segoe UI Emoji", "Segoe UI Symbol", "Noto Color Emoji"",
    "fontFeatureSettings": "normal",
    "fontVariationSettings": "normal",
    "lineHeight": "1.5",
    "tabSize": "4",
  },
  "img,svg,video,canvas,audio,iframe,embed,object": {
    "display": "block",
    "verticalAlign": "middle",
  },
  "img,video": {
    "height": "auto",
    "maxWidth": "100%",
  },
  "input::placeholder,textarea::placeholder": {
    "color": "#9ca3af",
    "opacity": "1",
  },
  "legend": {
    "padding": "0",
  },
  "ol,ul,menu": {
    "listStyle": "none",
    "margin": "0",
    "padding": "0",
  },
  "progress": {
    "verticalAlign": "baseline",
  },
  "small": {
    "fontSize": "80%",
  },
  "sub": {
    "bottom": "-0.25em",
  },
  "sub,sup": {
    "fontSize": "75%",
    "lineHeight": "0",
    "position": "relative",
    "verticalAlign": "baseline",
  },
  "summary": {
    "display": "list-item",
  },
  "sup": {
    "top": "-0.5em",
  },
  "table": {
    "borderCollapse": "collapse",
    "borderColor": "inherit",
    "textIndent": "0",
  },
  "textarea": {
    "resize": "vertical",
  },
}
`;
